
> scaffold-stellar-frontend@0.0.1 build
> tsc -b && vite build

src/providers/WalletProvider.tsx(76,9): error TS2304: Cannot find name 'newKit'.
src/providers/WalletProvider.tsx(77,31): error TS2304: Cannot find name 'newKit'.
